// Jest Snapshot v1, https://goo.gl/fbAQLP

exports[`ProductTable should render correctly the component 1`] = `
<DocumentFragment>
  <div
    class="cart"
  >
    <table>
      <thead>
        <tr>
          <th>
            Image
          </th>
          <th>
            Product Name
          </th>
          <th>
            Quantity
          </th>
          <th>
            Total
          </th>
          <th>
            Remove
          </th>
        </tr>
      </thead>
      <tbody>
        <tr>
          <td>
            Product Mock
          </td>
        </tr>
      </tbody>
    </table>
  </div>
</DocumentFragment>
`;
